{
'paper.js:examples/Games/Paperoids.html':[
261,
],
'paper.js:examples/Paperjs.org/NyanRainbow.html':[
72,
],
'paper.js:examples/Paperjs.org/Voronoi.html':[
56,
],
'paper.js:examples/Scripts/PathTangents.html':[
36,
],
'paper.js:examples/Tools/Vektor.html':[
143,
],
'paper.js:src/core/PaperScript.js':[
31,
31,
],
'paper.js:src/event/Key.js':[
93,
],
'paper.js:src/item/Item.js':[
979,
4330,
],
'paper.js:src/node/extend.js':[
117,
],
'paper.js:src/path/PathItem.js':[
116,
],
'paper.js:src/view/View.js':[
1368,
1507,
],
}
