{
'paper.js:examples/Paperjs.org/HitTesting.html':[
73,
94,
],
'paper.js:examples/Paperjs.org/RadialRainbows.html':[
55,
],
'paper.js:examples/Tools/BezierTool.html':[
71,
],
'paper.js:examples/Tools/PathEditing.html':[
66,
86,
],
'paper.js:examples/Tools/Vektor.html':[
34,
],
'paper.js:gulp/typescript/typescript-definition-generator.js':[
353,
],
'paper.js:src/anim/Tween.js':[
352,
],
'paper.js:src/basic/Matrix.js':[
638,
],
'paper.js:src/basic/Rectangle.js':[
90,
101,
],
'paper.js:src/core/Base.js':[
564,
],
'paper.js:src/core/Emitter.js':[
62,
],
'paper.js:src/core/PaperScript.js':[
205,
263,
318,
369,
],
'paper.js:src/dom/DomEvent.js':[
116,
],
'paper.js:src/event/Key.js':[
127,
],
'paper.js:src/export.js':[
47,
],
'paper.js:src/item/Group.js':[
196,
],
'paper.js:src/item/Item.js':[
2165,
2203,
2206,
3599,
3615,
4426,
],
'paper.js:src/item/Project.js':[
293,
309,
],
'paper.js:src/item/Raster.js':[
129,
159,
304,
591,
594,
],
'paper.js:src/item/Shape.js':[
87,
99,
143,
],
'paper.js:src/load.js':[
52,
],
'paper.js:src/path/CompoundPath.js':[
131,
],
'paper.js:src/path/Curve.js':[
92,
109,
968,
1644,
2200,
2237,
],
'paper.js:src/path/CurveLocation.js':[
100,
],
'paper.js:src/path/Path.js':[
145,
151,
1536,
1748,
1771,
1790,
1899,
2479,
2537,
2571,
2801,
],
'paper.js:src/path/PathItem.Boolean.js':[
448,
460,
632,
635,
643,
1329,
1370,
],
'paper.js:src/path/PathItem.js':[
75,
81,
690,
],
'paper.js:src/style/Color.js':[
99,
103,
611,
],
'paper.js:src/style/GradientStop.js':[
42,
],
'paper.js:src/style/Style.js':[
221,
227,
],
'paper.js:src/svg/SvgImport.js':[
479,
],
'paper.js:src/tool/Tool.js':[
354,
],
'paper.js:src/view/View.js':[
1151,
1407,
],
}
