{
'paper.js:src/core/PaperScript.js':[
375,
421,
],
}
