{
'mootools-core:Grunt/options/build.js':[
10,
15,
16,
20,
23,
27,
30,
31,
35,
39,
41,
44,
45,
51,
54,
59,
62,
67,
70,
71,
75,
78,
81,
82,
83,
],
'mootools-core:Grunt/options/dist.js':[
12,
17,
18,
22,
23,
27,
28,
32,
33,
34,
38,
39,
45,
48,
53,
56,
61,
64,
65,
70,
71,
75,
76,
77,
78,
],
'mootools-core:Grunt/options/options.js':[
22,
24,
25,
33,
34,
38,
39,
45,
46,
50,
51,
52,
],
'mootools-core:Grunt/options/specs.js':[
9,
15,
18,
23,
26,
31,
34,
35,
36,
],
'mootools-core:Grunt/plugins/eslint/rules/mootools-indent.js':[
75,
76,
99,
123,
141,
146,
157,
162,
178,
185,
263,
281,
558,
730,
739,
742,
743,
744,
750,
753,
759,
762,
765,
766,
767,
768,
770,
771,
],
'mootools-core:Grunt/plugins/eslint/rules/mootools-whitespace.js':[
8,
23,
39,
],
'mootools-core:Grunt/plugins/karma/syn/index.js':[
21,
],
'mootools-core:Grunt/tasks/tasks.js':[
9,
14,
],
'mootools-core:Gruntfile.js':[
12,
18,
24,
32,
33,
39,
43,
44,
45,
],
'mootools-core:Source/Element/Element.js':[
76,
97,
177,
256,
306,
320,
336,
348,
413,
425,
456,
506,
545,
583,
616,
877,
889,
983,
1020,
1055,
1063,
1079,
1121,
1176,
1192,
],
'mootools-core:Source/Fx/Fx.CSS.js':[
130,
150,
158,
168,
169,
],
'mootools-core:Source/Fx/Fx.Morph.js':[
48,
66,
75,
],
'mootools-core:Source/Fx/Fx.Transitions.js':[
31,
47,
55,
105,
],
'mootools-core:Source/Fx/Fx.Tween.js':[
41,
59,
124,
],
'mootools-core:Source/Request/Request.HTML.js':[
27,
28,
59,
78,
87,
],
'mootools-core:Source/Request/Request.JSON.js':[
23,
30,
48,
],
'mootools-core:Source/Slick/Slick.Finder.js':[
743,
856,
891,
],
'mootools-core:Source/Slick/Slick.Parser.js':[
32,
103,
126,
158,
169,
210,
],
'mootools-core:Source/Types/Array.js':[
167,
],
'mootools-core:Source/Types/Function.js':[
26,
75,
120,
],
'mootools-core:Source/Types/Number.js':[
38,
],
'mootools-core:Source/Types/String.js':[
82,
],
'mootools-core:Source/Utilities/Cookie.js':[
31,
62,
],
'mootools-core:Source/Utilities/JSON.js':[
25,
],
'mootools-core:Tests/Element/Element.Delegation.html':[
104,
167,
174,
201,
244,
],
'mootools-core:Tests/Element/Element.Event.change.html':[
90,
],
'mootools-core:Tests/Fx/Fx.html':[
102,
122,
152,
155,
179,
185,
187,
206,
215,
219,
248,
],
}
