{
'mootools-core:Tests/Element/Element.Delegation.html':[
289,
],
}
