{
'console:src/views/models/FieldPopup/__tests__/FieldPopupStateTest.ts':[
5,
36,
],
}
