{
'console:src/actions/databrowser/data.ts':[
303,
],
'console:src/utils/polyfils.ts':[
42,
134,
],
'console:src/utils/valueparser.ts':[
120,
],
'console:src/views/RelationsPopup/RelationPopup.tsx':[
102,
],
'console:src/views/Settings/Billing/Billing.tsx':[
81,
],
'console:src/views/models/AuthProviderPopup/AuthProviderSidePanel.tsx':[
345,
],
'console:src/views/models/DatabrowserView/Cell/SelectNodesCell/SelectNodesCell.tsx':[
294,
],
'console:src/views/models/FieldPopup/ConfirmFieldPopup.tsx':[
30,
],
'console:src/views/models/utils.ts':[
118,
],
}
