{
'console:src/actions/databrowser/data.ts':[
66,
67,
91,
],
'console:src/utils/__tests__/utils.ts':[
7,
12,
17,
22,
32,
37,
42,
],
'console:src/utils/relay.ts':[
150,
167,
168,
171,
],
'console:src/utils/simpleapi.ts':[
16,
16,
],
'console:src/utils/valueparser.ts':[
10,
43,
83,
84,
120,
],
'console:src/views/PermissionsView/PermissionPopup/ast.ts':[
95,
],
'console:src/views/models/DatabrowserView/Cell.tsx':[
140,
147,
],
'console:src/views/models/DatabrowserView/DatabrowserView.tsx':[
651,
656,
],
}
