{
'jshint:src/jshint.js':[
2438,
2458,
2467,
2482,
],
'jshint:src/lex.js':[
689,
],
'jshint:src/reporters/checkstyle.js':[
5,
],
'jshint:src/reporters/default.js':[
4,
],
'jshint:src/reporters/unix.js':[
8,
],
}
