{
'postgraphql:src/__tests__/utils/withPgClient.ts':[
36,
],
'postgraphql:src/graphql/schema/getMutationGqlType.ts':[
34,
],
'postgraphql:src/postgres/inventory/type/getTypeFromPgType.ts':[
40,
41,
42,
],
}
