{
'postgraphql:src/__tests__/utils/createTestInParallel.ts':[
11,
15,
19,
20,
25,
28,
29,
30,
],
'postgraphql:src/__tests__/utils/kitchenSinkSchemaSql.ts':[
1,
2,
6,
7,
8,
9,
11,
],
'postgraphql:src/__tests__/utils/pgPool.ts':[
1,
2,
4,
9,
11,
],
'postgraphql:src/__tests__/utils/withPgClient.ts':[
1,
2,
3,
12,
15,
22,
24,
25,
29,
33,
34,
36,
37,
41,
45,
50,
51,
56,
57,
],
'postgraphql:src/graphql/__tests__/fixtures/forumInventory.ts':[
16,
18,
18,
25,
37,
47,
55,
64,
75,
83,
92,
94,
95,
96,
103,
114,
124,
135,
143,
152,
154,
161,
168,
],
'postgraphql:src/graphql/index.ts':[
1,
5,
],
'postgraphql:src/graphql/schema/BuildToken.ts':[
1,
2,
48,
58,
60,
],
'postgraphql:src/graphql/schema/collection/createCollectionGqlType.ts':[
1,
2,
3,
4,
5,
6,
7,
8,
9,
20,
21,
22,
47,
55,
74,
75,
81,
83,
102,
105,
],
'postgraphql:src/graphql/schema/collection/createCollectionKeyInputHelpers.ts':[
1,
2,
3,
4,
5,
10,
36,
48,
49,
56,
66,
69,
70,
80,
],
'postgraphql:src/graphql/schema/collection/createCollectionMutationFieldEntries.ts':[
1,
2,
3,
4,
5,
6,
7,
8,
32,
34,
],
'postgraphql:src/graphql/schema/collection/createCollectionQueryFieldEntries.ts':[
1,
2,
3,
4,
5,
6,
7,
8,
18,
19,
20,
21,
26,
40,
49,
53,
59,
62,
65,
76,
77,
81,
83,
97,
98,
99,
100,
101,
102,
104,
117,
119,
120,
121,
127,
128,
129,
130,
132,
],
'postgraphql:src/graphql/schema/collection/createCollectionRelationTailGqlFieldEntries.ts':[
1,
2,
3,
4,
5,
20,
24,
26,
39,
40,
41,
51,
52,
53,
56,
58,
61,
63,
],
'postgraphql:src/graphql/schema/collection/getConditionGqlType.ts':[
1,
2,
3,
4,
5,
7,
17,
32,
33,
40,
55,
57,
],
'postgraphql:src/graphql/schema/collection/mutations/createCreateCollectionMutationFieldEntry.ts':[
1,
2,
3,
4,
5,
6,
7,
8,
9,
21,
23,
24,
25,
26,
79,
],
'postgraphql:src/graphql/schema/collection/mutations/createDeleteCollectionKeyMutationFieldEntry.ts':[
1,
2,
3,
4,
5,
6,
7,
20,
22,
23,
24,
33,
],
'postgraphql:src/graphql/schema/collection/mutations/createDeleteCollectionMutationFieldEntry.ts':[
1,
2,
3,
4,
5,
6,
7,
8,
19,
24,
26,
27,
44,
47,
49,
51,
54,
63,
64,
83,
],
'postgraphql:src/graphql/schema/collection/mutations/createUpdateCollectionKeyMutationFieldEntry.ts':[
1,
2,
3,
4,
5,
6,
7,
20,
22,
23,
24,
25,
26,
47,
],
'postgraphql:src/graphql/schema/collection/mutations/createUpdateCollectionMutationFieldEntry.ts':[
8,
9,
10,
11,
12,
13,
14,
15,
16,
27,
32,
34,
35,
36,
37,
62,
65,
67,
69,
77,
88,
92,
101,
102,
111,
113,
115,
117,
118,
120,
126,
137,
150,
],
'postgraphql:src/graphql/schema/connection/createConnectionGqlField.ts':[
13,
14,
15,
16,
17,
29,
39,
86,
93,
95,
99,
102,
111,
114,
117,
124,
126,
129,
138,
139,
169,
172,
181,
199,
210,
211,
217,
220,
228,
239,
250,
266,
275,
284,
285,
326,
370,
],
'postgraphql:src/graphql/schema/createGqlSchema.ts':[
1,
2,
3,
4,
5,
23,
42,
47,
],
'postgraphql:src/graphql/schema/createMutationGqlField.ts':[
8,
9,
10,
11,
25,
33,
50,
95,
96,
101,
103,
],
'postgraphql:src/graphql/schema/createMutationPayloadGqlType.ts':[
1,
2,
3,
4,
5,
62,
],
'postgraphql:src/graphql/schema/getMutationGqlType.ts':[
1,
2,
3,
4,
11,
13,
21,
41,
45,
51,
],
'postgraphql:src/graphql/schema/getQueryGqlType.ts':[
1,
2,
3,
4,
5,
6,
8,
11,
13,
17,
18,
56,
58,
],
'postgraphql:src/graphql/schema/node/createNodeFieldEntry.ts':[
1,
2,
3,
4,
5,
6,
7,
11,
22,
23,
26,
32,
37,
40,
43,
44,
47,
49,
53,
58,
60,
62,
],
'postgraphql:src/graphql/schema/node/getNodeInterfaceType.ts':[
1,
2,
3,
4,
6,
8,
10,
13,
24,
],
'postgraphql:src/graphql/schema/type/aliasGqlType.ts':[
1,
4,
4,
5,
5,
8,
11,
16,
],
'postgraphql:src/graphql/schema/type/getGqlInputType.ts':[
9,
22,
24,
25,
26,
27,
39,
58,
65,
72,
78,
79,
88,
94,
97,
102,
108,
122,
135,
142,
143,
159,
160,
171,
183,
186,
189,
194,
207,
209,
212,
],
'postgraphql:src/graphql/schema/type/getGqlOutputType.ts':[
15,
31,
33,
34,
35,
36,
48,
71,
78,
87,
92,
100,
104,
124,
137,
138,
147,
158,
166,
176,
190,
191,
192,
193,
194,
207,
209,
213,
231,
233,
236,
264,
276,
279,
282,
283,
284,
287,
289,
],
'postgraphql:src/graphql/utils/__tests__/buildObject-test.ts':[
1,
4,
5,
8,
9,
12,
13,
14,
17,
18,
21,
22,
23,
],
'postgraphql:src/graphql/utils/__tests__/formatName-test.ts':[
1,
4,
5,
6,
7,
8,
9,
10,
11,
12,
13,
14,
17,
18,
19,
20,
21,
22,
23,
24,
25,
26,
27,
30,
31,
32,
33,
34,
35,
36,
37,
38,
39,
40,
43,
44,
45,
46,
47,
48,
49,
50,
51,
52,
53,
],
'postgraphql:src/graphql/utils/__tests__/memoize-test.ts':[
1,
4,
5,
6,
7,
8,
9,
10,
13,
14,
15,
16,
18,
19,
20,
21,
22,
23,
24,
25,
26,
27,
28,
29,
30,
31,
32,
33,
34,
35,
36,
37,
38,
],
'postgraphql:src/graphql/utils/buildObject.ts':[
35,
39,
41,
42,
45,
46,
49,
50,
54,
56,
57,
59,
],
'postgraphql:src/graphql/utils/formatName.ts':[
1,
4,
5,
6,
8,
9,
10,
16,
21,
26,
31,
34,
],
'postgraphql:src/graphql/utils/idSerde.ts':[
1,
14,
18,
20,
21,
24,
26,
32,
33,
42,
51,
53,
56,
59,
61,
63,
77,
79,
83,
],
'postgraphql:src/graphql/utils/index.ts':[
1,
2,
3,
4,
5,
7,
9,
],
'postgraphql:src/graphql/utils/memoize.ts':[
18,
31,
47,
56,
61,
65,
66,
71,
72,
76,
77,
80,
81,
82,
83,
],
'postgraphql:src/graphql/utils/parseGqlLiteralToValue.ts':[
1,
12,
15,
18,
19,
20,
23,
25,
],
'postgraphql:src/graphql/utils/scrib.ts':[
1,
20,
30,
32,
34,
36,
38,
42,
],
'postgraphql:src/index.ts':[
1,
3,
9,
],
'postgraphql:src/interface/Inventory.ts':[
1,
2,
3,
17,
18,
28,
31,
33,
35,
45,
52,
61,
70,
78,
80,
83,
86,
89,
91,
93,
105,
109,
],
'postgraphql:src/interface/Paginator.ts':[
1,
122,
141,
144,
],
'postgraphql:src/interface/__ideas__/01-new-types.ts':[
68,
70,
71,
74,
76,
80,
81,
82,
83,
84,
85,
87,
96,
],
'postgraphql:src/interface/collection/Collection.ts':[
1,
2,
3,
4,
69,
],
'postgraphql:src/interface/collection/CollectionKey.ts':[
1,
2,
82,
],
'postgraphql:src/interface/collection/Condition.ts':[
28,
30,
42,
44,
49,
52,
59,
69,
80,
89,
97,
105,
114,
129,
141,
153,
161,
],
'postgraphql:src/interface/collection/Relation.ts':[
1,
2,
3,
63,
],
'postgraphql:src/interface/collection/__tests__/Condition-test.ts':[
1,
4,
5,
8,
9,
12,
13,
17,
18,
22,
23,
27,
28,
32,
33,
],
'postgraphql:src/interface/index.ts':[
1,
2,
3,
4,
5,
6,
7,
8,
9,
10,
11,
12,
13,
14,
15,
16,
17,
18,
19,
20,
21,
22,
23,
24,
52,
],
'postgraphql:src/interface/type/AdapterType.ts':[
1,
29,
],
'postgraphql:src/interface/type/AliasType.ts':[
1,
27,
],
'postgraphql:src/interface/type/BasicObjectType.ts':[
1,
2,
10,
11,
12,
13,
24,
25,
33,
37,
40,
43,
45,
46,
48,
53,
56,
58,
60,
63,
68,
73,
76,
],
'postgraphql:src/interface/type/EnumType.ts':[
1,
23,
],
'postgraphql:src/interface/type/ListType.ts':[
1,
48,
],
'postgraphql:src/interface/type/NamedType.ts':[
1,
23,
],
'postgraphql:src/interface/type/NullableType.ts':[
1,
36,
41,
44,
51,
59,
63,
],
'postgraphql:src/interface/type/ObjectType.ts':[
1,
2,
65,
],
'postgraphql:src/interface/type/ScalarType.ts':[
1,
33,
],
'postgraphql:src/interface/type/Type.ts':[
31,
39,
],
'postgraphql:src/interface/type/getNamedType.ts':[
1,
2,
3,
19,
21,
],
'postgraphql:src/interface/type/getNonNullableType.ts':[
1,
2,
11,
13,
],
'postgraphql:src/interface/type/scalar/booleanType.ts':[
1,
18,
20,
24,
26,
],
'postgraphql:src/interface/type/scalar/floatType.ts':[
1,
21,
23,
27,
29,
],
'postgraphql:src/interface/type/scalar/integerType.ts':[
1,
19,
22,
24,
28,
30,
],
'postgraphql:src/interface/type/scalar/jsonType.ts':[
1,
18,
20,
],
'postgraphql:src/interface/type/scalar/stringType.ts':[
1,
19,
21,
25,
27,
],
'postgraphql:src/interface/type/switchType.ts':[
1,
2,
3,
4,
5,
6,
7,
8,
23,
37,
38,
42,
44,
46,
49,
54,
55,
56,
57,
58,
59,
60,
62,
66,
69,
],
'postgraphql:src/postgraphql/cli.ts':[
3,
4,
5,
6,
7,
8,
9,
14,
16,
17,
45,
52,
54,
57,
85,
90,
106,
128,
133,
134,
135,
136,
137,
138,
141,
143,
144,
145,
146,
],
'postgraphql:src/postgraphql/index.ts':[
1,
2,
3,
9,
],
'postgraphql:src/postgraphql/postgraphql.ts':[
1,
2,
3,
4,
5,
6,
7,
8,
9,
30,
37,
37,
38,
38,
44,
45,
50,
51,
57,
58,
63,
64,
68,
83,
90,
92,
101,
103,
107,
114,
115,
116,
125,
137,
138,
139,
143,
145,
149,
155,
159,
166,
167,
172,
],
'postgraphql:src/postgraphql/schema/auth/getJwtGqlType.ts':[
1,
2,
3,
4,
6,
13,
16,
27,
30,
31,
37,
39,
],
'postgraphql:src/postgraphql/schema/auth/getPgTokenTypeFromIdentifier.ts':[
1,
12,
15,
19,
23,
26,
33,
36,
46,
49,
54,
],
'postgraphql:src/postgraphql/schema/createPostGraphQLSchema.ts':[
1,
2,
3,
4,
5,
6,
7,
8,
9,
10,
11,
12,
13,
14,
15,
32,
33,
37,
41,
47,
48,
51,
52,
53,
61,
65,
70,
77,
78,
79,
85,
88,
93,
99,
102,
118,
140,
142,
],
'postgraphql:src/postgraphql/schema/exportPostGraphQLSchema.ts':[
1,
2,
3,
11,
12,
13,
14,
29,
30,
35,
],
'postgraphql:src/postgraphql/schema/procedures/PgProcedurePaginator.ts':[
1,
2,
3,
4,
5,
6,
7,
15,
25,
28,
29,
41,
47,
54,
61,
65,
],
'postgraphql:src/postgraphql/schema/procedures/createPgProcedureFixtures.ts':[
1,
2,
3,
4,
5,
6,
7,
26,
42,
51,
52,
53,
54,
59,
60,
61,
63,
],
'postgraphql:src/postgraphql/schema/procedures/createPgProcedureMutationGqlFieldEntry.ts':[
1,
8,
9,
10,
11,
12,
13,
14,
15,
16,
17,
18,
19,
20,
32,
33,
40,
50,
99,
102,
106,
108,
115,
117,
118,
122,
124,
139,
],
'postgraphql:src/postgraphql/schema/procedures/createPgProcedureObjectTypeGqlFieldEntry.ts':[
1,
2,
3,
4,
5,
6,
7,
8,
9,
10,
27,
40,
50,
58,
59,
60,
61,
62,
64,
77,
78,
88,
95,
],
'postgraphql:src/postgraphql/schema/procedures/createPgProcedureQueryGqlFieldEntry.ts':[
1,
2,
3,
4,
5,
6,
7,
8,
9,
10,
25,
37,
47,
55,
56,
57,
58,
59,
61,
73,
74,
84,
94,
],
'postgraphql:src/postgraphql/schema/procedures/createPgProcedureSqlCall.ts':[
1,
2,
20,
23,
30,
32,
35,
39,
41,
],
'postgraphql:src/postgraphql/schema/procedures/getPgProcedureComputedClass.ts':[
1,
27,
29,
30,
35,
40,
45,
48,
],
'postgraphql:src/postgraphql/watch/watchPgSchemas.ts':[
1,
2,
3,
4,
5,
13,
14,
15,
16,
35,
40,
44,
45,
46,
48,
53,
60,
61,
65,
69,
73,
74,
75,
76,
77,
85,
88,
96,
100,
103,
104,
],
'postgraphql:src/postgraphql/withPostGraphQLContext.ts':[
1,
2,
3,
4,
5,
6,
52,
55,
58,
69,
74,
79,
80,
109,
110,
121,
125,
127,
133,
135,
141,
142,
148,
154,
161,
167,
177,
180,
183,
186,
188,
189,
203,
209,
212,
215,
217,
218,
221,
],
'postgraphql:src/postgres/index.ts':[
1,
2,
7,
],
'postgraphql:src/postgres/introspection/PgCatalog.ts':[
1,
2,
3,
4,
5,
6,
7,
14,
15,
16,
17,
18,
19,
26,
27,
29,
30,
32,
33,
35,
36,
38,
39,
41,
42,
44,
53,
60,
68,
71,
73,
81,
88,
95,
103,
106,
108,
117,
118,
119,
126,
133,
142,
145,
147,
161,
163,
172,
173,
174,
181,
188,
195,
203,
206,
208,
217,
218,
219,
226,
233,
242,
243,
244,
248,
],
'postgraphql:src/postgres/introspection/index.ts':[
1,
2,
3,
4,
5,
6,
7,
8,
9,
21,
23,
24,
],
'postgraphql:src/postgres/introspection/introspectDatabase.ts':[
1,
2,
3,
4,
5,
14,
15,
16,
17,
30,
33,
35,
],
'postgraphql:src/postgres/introspection/object/PgCatalogAttribute.ts':[
18,
],
'postgraphql:src/postgres/introspection/object/PgCatalogClass.ts':[
21,
],
'postgraphql:src/postgres/introspection/object/PgCatalogConstraint.ts':[
12,
14,
],
'postgraphql:src/postgres/introspection/object/PgCatalogNamespace.ts':[
13,
],
'postgraphql:src/postgres/introspection/object/PgCatalogObject.ts':[
1,
2,
3,
4,
5,
6,
20,
22,
],
'postgraphql:src/postgres/introspection/object/PgCatalogProcedure.ts':[
22,
],
'postgraphql:src/postgres/introspection/object/PgCatalogType.ts':[
17,
19,
],
'postgraphql:src/postgres/inventory/Options.ts':[
17,
19,
],
'postgraphql:src/postgres/inventory/__tests__/conditionToSql-test.ts':[
1,
2,
3,
6,
7,
8,
12,
14,
15,
19,
20,
24,
25,
28,
30,
32,
33,
36,
38,
40,
41,
44,
46,
48,
49,
52,
54,
56,
57,
60,
62,
64,
65,
90,
95,
96,
],
'postgraphql:src/postgres/inventory/addPgCatalogToInventory.ts':[
1,
2,
3,
4,
5,
19,
23,
32,
33,
34,
43,
50,
51,
54,
58,
59,
71,
74,
],
'postgraphql:src/postgres/inventory/collection/PgCollection.ts':[
1,
2,
3,
4,
5,
6,
7,
8,
9,
10,
11,
29,
39,
40,
44,
46,
47,
53,
65,
66,
70,
72,
75,
101,
109,
111,
120,
133,
139,
143,
145,
146,
165,
166,
175,
177,
178,
180,
184,
],
'postgraphql:src/postgres/inventory/collection/PgCollectionKey.ts':[
1,
2,
3,
4,
5,
6,
7,
8,
9,
10,
11,
24,
25,
26,
27,
28,
38,
39,
42,
49,
51,
70,
74,
78,
80,
89,
94,
104,
116,
128,
140,
188,
190,
193,
194,
195,
196,
199,
200,
201,
203,
217,
219,
230,
233,
237,
244,
246,
249,
251,
253,
265,
267,
278,
280,
283,
286,
288,
295,
],
'postgraphql:src/postgres/inventory/collection/PgRelation.ts':[
1,
2,
3,
4,
5,
16,
17,
18,
19,
25,
33,
34,
35,
45,
49,
],
'postgraphql:src/postgres/inventory/conditionToSql.ts':[
1,
2,
9,
13,
15,
17,
20,
22,
24,
26,
30,
31,
32,
33,
35,
],
'postgraphql:src/postgres/inventory/paginator/PgCollectionPaginator.ts':[
1,
2,
3,
4,
5,
6,
7,
8,
9,
21,
25,
26,
27,
30,
31,
38,
46,
55,
56,
57,
116,
117,
124,
127,
],
'postgraphql:src/postgres/inventory/paginator/PgPaginator.ts':[
1,
2,
3,
4,
11,
12,
13,
14,
20,
27,
33,
34,
35,
36,
37,
38,
42,
],
'postgraphql:src/postgres/inventory/paginator/PgPaginatorOrderingAttributes.ts':[
1,
2,
3,
4,
5,
6,
14,
24,
25,
26,
33,
34,
35,
46,
47,
48,
53,
59,
64,
66,
68,
69,
70,
100,
102,
111,
118,
126,
127,
128,
135,
137,
143,
144,
145,
152,
154,
156,
169,
173,
],
'postgraphql:src/postgres/inventory/paginator/PgPaginatorOrderingOffset.ts':[
1,
2,
3,
4,
11,
31,
32,
38,
39,
50,
51,
56,
62,
66,
68,
71,
77,
79,
80,
82,
83,
100,
107,
116,
120,
123,
124,
125,
135,
138,
145,
157,
161,
],
'postgraphql:src/postgres/inventory/pgClientFromContext.ts':[
3,
5,
13,
15,
18,
21,
23,
],
'postgraphql:src/postgres/inventory/type/PgAliasType.ts':[
1,
2,
3,
6,
7,
8,
9,
12,
13,
14,
15,
19,
23,
27,
31,
],
'postgraphql:src/postgres/inventory/type/PgClassType.ts':[
1,
2,
3,
4,
5,
11,
12,
13,
14,
15,
16,
23,
24,
26,
27,
28,
29,
33,
40,
41,
46,
48,
60,
62,
66,
70,
78,
81,
84,
85,
96,
104,
116,
],
'postgraphql:src/postgres/inventory/type/PgEnumType.ts':[
1,
2,
3,
6,
7,
8,
9,
12,
13,
14,
15,
20,
22,
27,
29,
33,
37,
],
'postgraphql:src/postgres/inventory/type/PgListType.ts':[
1,
2,
3,
6,
7,
10,
11,
16,
18,
22,
26,
31,
33,
38,
40,
44,
],
'postgraphql:src/postgres/inventory/type/PgNullableType.ts':[
1,
2,
3,
7,
12,
15,
16,
23,
31,
38,
45,
49,
],
'postgraphql:src/postgres/inventory/type/PgRangeType.ts':[
1,
2,
3,
4,
5,
29,
38,
39,
40,
41,
42,
43,
49,
51,
52,
53,
68,
81,
83,
84,
85,
86,
90,
94,
95,
99,
107,
108,
114,
121,
124,
135,
136,
137,
138,
139,
140,
141,
145,
164,
172,
173,
174,
183,
187,
190,
191,
203,
],
'postgraphql:src/postgres/inventory/type/PgType.ts':[
1,
2,
8,
13,
18,
23,
26,
],
'postgraphql:src/postgres/inventory/type/custom/pgBigIntType.ts':[
1,
2,
11,
13,
],
'postgraphql:src/postgres/inventory/type/custom/pgDateType.ts':[
1,
2,
8,
10,
],
'postgraphql:src/postgres/inventory/type/custom/pgDatetimeType.ts':[
1,
2,
9,
11,
],
'postgraphql:src/postgres/inventory/type/custom/pgIntervalType.ts':[
4,
5,
6,
7,
8,
9,
10,
21,
69,
73,
74,
74,
75,
94,
96,
],
'postgraphql:src/postgres/inventory/type/custom/pgTimeType.ts':[
1,
2,
8,
10,
],
'postgraphql:src/postgres/inventory/type/custom/pgUuidType.ts':[
1,
2,
13,
15,
],
'postgraphql:src/postgres/inventory/type/getTypeFromPgType.ts':[
1,
2,
3,
4,
5,
6,
7,
8,
9,
10,
11,
12,
13,
14,
15,
16,
17,
18,
19,
20,
21,
22,
23,
52,
54,
71,
73,
76,
79,
83,
87,
94,
95,
96,
100,
101,
107,
109,
117,
122,
134,
136,
138,
141,
145,
152,
],
'postgraphql:src/postgres/inventory/type/scalar/pgBooleanType.ts':[
1,
2,
3,
11,
13,
17,
19,
],
'postgraphql:src/postgres/inventory/type/scalar/pgFloatType.ts':[
1,
2,
3,
8,
20,
22,
26,
28,
32,
34,
],
'postgraphql:src/postgres/inventory/type/scalar/pgIntegerType.ts':[
1,
2,
3,
15,
17,
21,
23,
27,
29,
],
'postgraphql:src/postgres/inventory/type/scalar/pgJsonType.ts':[
1,
2,
3,
11,
13,
],
'postgraphql:src/postgres/inventory/type/scalar/pgStringType.ts':[
1,
2,
3,
11,
14,
16,
20,
22,
],
'postgraphql:src/postgres/utils/__tests__/mapToObject-test.ts':[
1,
4,
5,
],
'postgraphql:src/postgres/utils/__tests__/objectToMap-test.ts':[
1,
4,
5,
],
'postgraphql:src/postgres/utils/__tests__/sql-test.ts':[
3,
6,
7,
8,
11,
12,
13,
16,
17,
18,
19,
20,
23,
24,
25,
28,
29,
30,
31,
32,
33,
34,
37,
38,
39,
40,
42,
43,
46,
47,
48,
49,
50,
51,
53,
54,
57,
58,
61,
62,
63,
65,
66,
69,
70,
71,
72,
73,
79,
80,
86,
87,
93,
94,
100,
104,
105,
111,
112,
115,
116,
122,
123,
126,
130,
131,
134,
135,
136,
137,
141,
142,
145,
146,
150,
151,
158,
159,
],
'postgraphql:src/postgres/utils/index.ts':[
1,
2,
3,
4,
6,
10,
],
'postgraphql:src/postgres/utils/mapToObject.ts':[
5,
8,
10,
],
'postgraphql:src/postgres/utils/memoizeMethod.ts':[
1,
13,
16,
21,
22,
29,
30,
],
'postgraphql:src/postgres/utils/objectToMap.ts':[
5,
8,
10,
],
'postgraphql:src/postgres/utils/sql.ts':[
1,
2,
5,
14,
20,
35,
44,
49,
54,
55,
60,
61,
68,
72,
75,
79,
80,
85,
86,
87,
89,
90,
91,
93,
98,
103,
111,
118,
124,
135,
144,
152,
162,
165,
166,
169,
171,
175,
],
}
