{
'desktop:app/git-info.ts':[
67,
],
'desktop:app/src/crash/crash-app.tsx':[
65,
],
'desktop:app/src/highlighter/index.ts':[
484,
],
'desktop:app/src/lib/actions-log-parser/action-log-parser.ts':[
220,
],
'desktop:app/src/lib/actions-log-parser/actions-logs-ansii.ts':[
8,
21,
],
'desktop:app/src/lib/api.ts':[
553,
],
'desktop:app/src/lib/diff-parser.ts':[
23,
],
'desktop:app/src/lib/git/cherry-pick.ts':[
75,
],
'desktop:app/src/lib/git/diff-check.ts':[
42,
],
'desktop:app/src/lib/git/diff.ts':[
672,
],
'desktop:app/src/lib/git/merge-tree.ts':[
38,
],
'desktop:app/src/lib/git/rebase.ts':[
272,
],
'desktop:app/src/lib/git/reflog.ts':[
15,
86,
],
'desktop:app/src/lib/git/rev-list.ts':[
167,
],
'desktop:app/src/lib/git/status.ts':[
335,
],
'desktop:app/src/lib/git/submodule.ts':[
56,
],
'desktop:app/src/lib/markdown-filters/close-keyword-filter.ts':[
77,
],
'desktop:app/src/lib/markdown-filters/commit-mention-filter.ts':[
117,
],
'desktop:app/src/lib/markdown-filters/commit-mention-link-filter.ts':[
40,
62,
],
'desktop:app/src/lib/markdown-filters/issue-link-filter.ts':[
14,
19,
],
'desktop:app/src/lib/markdown-filters/issue-mention-filter.ts':[
15,
],
'desktop:app/src/lib/markdown-filters/mention-filter.ts':[
28,
],
'desktop:app/src/lib/parse-pac-string.ts':[
66,
],
'desktop:app/src/lib/progress/git.ts':[
225,
],
'desktop:app/src/lib/progress/lfs.ts':[
24,
],
'desktop:app/src/lib/release-notes.ts':[
17,
],
'desktop:app/src/lib/remote-parsing.ts':[
30,
34,
38,
42,
],
'desktop:app/src/lib/remove-remote-prefix.ts':[
10,
],
'desktop:app/src/lib/sanitize-ref-name.ts':[
6,
10,
],
'desktop:app/src/lib/shell.ts':[
60,
],
'desktop:app/src/lib/ssh/ssh.ts':[
77,
],
'desktop:app/src/lib/status-parser.ts':[
95,
110,
134,
],
'desktop:app/src/lib/trampoline/trampoline-askpass-handler.ts':[
92,
],
'desktop:app/src/lib/trampoline/trampoline-command-parser.ts':[
73,
],
'desktop:app/src/models/branch.ts':[
73,
87,
],
'desktop:app/src/models/commit-identity.ts':[
23,
],
'desktop:app/src/models/git-author.ts':[
3,
],
'desktop:app/src/ui/autocompletion/emoji-autocompletion-provider.tsx':[
41,
],
'desktop:app/src/ui/autocompletion/issues-autocompletion-provider.tsx':[
40,
],
'desktop:app/src/ui/autocompletion/user-autocompletion-provider.tsx':[
63,
],
'desktop:app/src/ui/diff/diff-syntax-mode.ts':[
204,
],
'desktop:app/src/ui/dispatcher/error-handlers.ts':[
428,
474,
],
'desktop:app/src/ui/lib/access-text.tsx':[
41,
],
'desktop:app/src/ui/lib/avatar.tsx':[
52,
],
'desktop:script/changelog/parser.ts':[
19,
72,
],
'desktop:script/generate-octicons.ts':[
33,
],
}
