{
'ant-design:components/_util/ActionButton.tsx':[
2,
],
'ant-design:components/_util/getRenderPropValue.ts':[
1,
],
'ant-design:components/_util/hooks/useFlexGapSupport.ts':[
1,
],
'ant-design:components/_util/hooks/useForceUpdate.ts':[
1,
],
'ant-design:components/_util/hooks/usePatchElement.tsx':[
1,
],
'ant-design:components/_util/hooks/useSyncState.ts':[
1,
],
'ant-design:components/_util/reactNode.ts':[
1,
],
'ant-design:components/_util/transButton.tsx':[
7,
],
'ant-design:components/_util/wave.tsx':[
3,
],
'ant-design:components/affix/index.tsx':[
4,
],
'ant-design:components/alert/ErrorBoundary.tsx':[
1,
],
'ant-design:components/alert/index.tsx':[
13,
],
'ant-design:components/anchor/Anchor.tsx':[
4,
],
'ant-design:components/anchor/AnchorLink.tsx':[
2,
],
'ant-design:components/anchor/context.ts':[
1,
],
'ant-design:components/auto-complete/index.tsx':[
13,
],
'ant-design:components/avatar/SizeContext.tsx':[
1,
],
'ant-design:components/avatar/avatar.tsx':[
4,
],
'ant-design:components/avatar/group.tsx':[
3,
],
'ant-design:components/back-top/index.tsx':[
7,
],
'ant-design:components/badge/Ribbon.tsx':[
2,
],
'ant-design:components/badge/ScrollNumber.tsx':[
2,
],
'ant-design:components/badge/SingleNumber.tsx':[
2,
],
'ant-design:components/badge/index.tsx':[
3,
],
'ant-design:components/breadcrumb/Breadcrumb.tsx':[
3,
],
'ant-design:components/breadcrumb/BreadcrumbItem.tsx':[
2,
],
'ant-design:components/breadcrumb/BreadcrumbSeparator.tsx':[
1,
],
'ant-design:components/button/button-group.tsx':[
2,
],
'ant-design:components/button/button.tsx':[
4,
],
'ant-design:components/calendar/Header.tsx':[
3,
],
'ant-design:components/calendar/generateCalendar.tsx':[
12,
],
'ant-design:components/card/Card.tsx':[
3,
],
'ant-design:components/card/Grid.tsx':[
2,
],
'ant-design:components/card/Meta.tsx':[
2,
],
'ant-design:components/card/__tests__/type.test.tsx':[
1,
],
'ant-design:components/carousel/index.tsx':[
4,
],
'ant-design:components/cascader/__tests__/type.test.tsx':[
2,
],
'ant-design:components/cascader/index.tsx':[
15,
],
'ant-design:components/checkbox/Checkbox.tsx':[
3,
],
'ant-design:components/checkbox/Group.tsx':[
3,
],
'ant-design:components/checkbox/__tests__/type.test.tsx':[
1,
],
'ant-design:components/checkbox/index.tsx':[
1,
],
'ant-design:components/collapse/Collapse.tsx':[
5,
],
'ant-design:components/collapse/CollapsePanel.tsx':[
3,
],
'ant-design:components/comment/index.tsx':[
2,
],
'ant-design:components/config-provider/DisabledContext.tsx':[
1,
],
'ant-design:components/config-provider/SizeContext.tsx':[
1,
],
'ant-design:components/config-provider/context.tsx':[
1,
],
'ant-design:components/config-provider/defaultRenderEmpty.tsx':[
1,
],
'ant-design:components/config-provider/index.tsx':[
5,
],
'ant-design:components/date-picker/PickerButton.tsx':[
1,
],
'ant-design:components/date-picker/PickerTag.tsx':[
1,
],
'ant-design:components/date-picker/__tests__/type.test.tsx':[
2,
],
'ant-design:components/date-picker/generatePicker/generateRangePicker.tsx':[
8,
],
'ant-design:components/date-picker/generatePicker/generateSinglePicker.tsx':[
8,
],
'ant-design:components/descriptions/Cell.tsx':[
2,
],
'ant-design:components/descriptions/Item.tsx':[
1,
],
'ant-design:components/descriptions/Row.tsx':[
1,
],
'ant-design:components/descriptions/index.tsx':[
4,
],
'ant-design:components/divider/index.tsx':[
2,
],
'ant-design:components/drawer/__tests__/type.test.tsx':[
1,
],
'ant-design:components/drawer/index.tsx':[
4,
],
'ant-design:components/dropdown/dropdown-button.tsx':[
3,
],
'ant-design:components/dropdown/dropdown.tsx':[
6,
],
'ant-design:components/empty/empty.tsx':[
1,
],
'ant-design:components/empty/index.tsx':[
2,
],
'ant-design:components/empty/simple.tsx':[
1,
],
'ant-design:components/form/ErrorList.tsx':[
3,
],
'ant-design:components/form/Form.tsx':[
5,
],
'ant-design:components/form/FormItem.tsx':[
14,
],
'ant-design:components/form/FormItemInput.tsx':[
2,
],
'ant-design:components/form/FormItemLabel.tsx':[
3,
],
'ant-design:components/form/FormList.tsx':[
3,
],
'ant-design:components/form/__tests__/type.test.tsx':[
1,
],
'ant-design:components/form/context.tsx':[
6,
],
'ant-design:components/form/hooks/useDebounce.ts':[
1,
],
'ant-design:components/form/hooks/useForm.ts':[
3,
],
'ant-design:components/form/hooks/useFrameState.ts':[
2,
],
'ant-design:components/form/hooks/useItemRef.ts':[
2,
],
'ant-design:components/grid/col.tsx':[
2,
],
'ant-design:components/grid/row.tsx':[
2,
],
'ant-design:components/image/PreviewGroup.tsx':[
10,
],
'ant-design:components/image/index.tsx':[
3,
],
'ant-design:components/input-number/index.tsx':[
6,
],
'ant-design:components/input/ClearableLabeledInput.tsx':[
3,
],
'ant-design:components/input/Group.tsx':[
2,
],
'ant-design:components/input/Password.tsx':[
5,
],
'ant-design:components/input/Search.tsx':[
4,
],
'ant-design:components/input/TextArea.tsx':[
7,
],
'ant-design:components/input/index.tsx':[
1,
],
'ant-design:components/layout/Sider.tsx':[
6,
],
'ant-design:components/layout/layout.tsx':[
2,
],
'ant-design:components/list/index.tsx':[
2,
],
'ant-design:components/locale-provider/LocaleReceiver.tsx':[
1,
],
'ant-design:components/locale-provider/index.tsx':[
3,
],
'ant-design:components/mentions/index.tsx':[
5,
],
'ant-design:components/menu/MenuDivider.tsx':[
3,
],
'ant-design:components/menu/MenuItem.tsx':[
5,
],
'ant-design:components/menu/OverrideContext.tsx':[
1,
],
'ant-design:components/menu/SubMenu.tsx':[
4,
],
'ant-design:components/menu/__tests__/type.test.tsx':[
1,
],
'ant-design:components/menu/hooks/useItems.tsx':[
8,
],
'ant-design:components/menu/index.tsx':[
7,
],
'ant-design:components/message/hooks/useMessage.tsx':[
7,
],
'ant-design:components/message/index.tsx':[
12,
],
'ant-design:components/modal/ConfirmDialog.tsx':[
2,
],
'ant-design:components/modal/Modal.tsx':[
4,
],
'ant-design:components/modal/__tests__/type.test.tsx':[
1,
],
'ant-design:components/modal/confirm.tsx':[
6,
],
'ant-design:components/modal/useModal/HookModal.tsx':[
1,
],
'ant-design:components/modal/useModal/index.tsx':[
1,
],
'ant-design:components/notification/hooks/useNotification.tsx':[
7,
],
'ant-design:components/notification/index.tsx':[
9,
],
'ant-design:components/page-header/index.tsx':[
6,
],
'ant-design:components/pagination/Pagination.tsx':[
9,
],
'ant-design:components/pagination/Select.tsx':[
1,
],
'ant-design:components/popconfirm/__tests__/type.test.tsx':[
1,
],
'ant-design:components/popconfirm/index.tsx':[
5,
],
'ant-design:components/popover/index.tsx':[
1,
],
'ant-design:components/progress/Circle.tsx':[
4,
],
'ant-design:components/progress/Line.tsx':[
2,
],
'ant-design:components/progress/Steps.tsx':[
2,
],
'ant-design:components/progress/progress.tsx':[
7,
],
'ant-design:components/radio/context.tsx':[
1,
],
'ant-design:components/radio/group.tsx':[
3,
],
'ant-design:components/radio/index.tsx':[
1,
],
'ant-design:components/radio/interface.tsx':[
1,
],
'ant-design:components/radio/radio.tsx':[
4,
],
'ant-design:components/radio/radioButton.tsx':[
1,
],
'ant-design:components/rate/index.tsx':[
4,
],
'ant-design:components/result/__tests__/type.test.tsx':[
1,
],
'ant-design:components/result/index.tsx':[
6,
],
'ant-design:components/result/noFound.tsx':[
1,
],
'ant-design:components/result/serverError.tsx':[
1,
],
'ant-design:components/result/unauthorized.tsx':[
1,
],
'ant-design:components/segmented/index.tsx':[
8,
],
'ant-design:components/select/index.tsx':[
9,
],
'ant-design:components/select/utils/iconUtil.tsx':[
8,
],
'ant-design:components/skeleton/Avatar.tsx':[
3,
],
'ant-design:components/skeleton/Button.tsx':[
3,
],
'ant-design:components/skeleton/Element.tsx':[
2,
],
'ant-design:components/skeleton/Image.tsx':[
2,
],
'ant-design:components/skeleton/Input.tsx':[
3,
],
'ant-design:components/skeleton/Paragraph.tsx':[
2,
],
'ant-design:components/skeleton/Skeleton.tsx':[
2,
],
'ant-design:components/skeleton/Title.tsx':[
3,
],
'ant-design:components/slider/SliderTooltip.tsx':[
3,
],
'ant-design:components/slider/__tests__/type.test.tsx':[
1,
],
'ant-design:components/slider/index.tsx':[
4,
],
'ant-design:components/space/Item.tsx':[
1,
],
'ant-design:components/space/index.tsx':[
3,
],
'ant-design:components/spin/index.tsx':[
4,
],
'ant-design:components/statistic/Countdown.tsx':[
1,
],
'ant-design:components/statistic/Number.tsx':[
2,
],
'ant-design:components/statistic/Statistic.tsx':[
2,
],
'ant-design:components/statistic/utils.tsx':[
2,
],
'ant-design:components/steps/index.tsx':[
6,
],
'ant-design:components/switch/index.tsx':[
4,
],
'ant-design:components/table/ColumnGroup.tsx':[
1,
],
'ant-design:components/table/ExpandIcon.tsx':[
2,
],
'ant-design:components/table/Table.tsx':[
7,
],
'ant-design:components/table/__tests__/type.test.tsx':[
1,
],
'ant-design:components/table/hooks/useFilter/FilterDropdown.tsx':[
5,
],
'ant-design:components/table/hooks/useFilter/FilterSearch.tsx':[
2,
],
'ant-design:components/table/hooks/useFilter/FilterWrapper.tsx':[
1,
],
'ant-design:components/table/hooks/useFilter/index.tsx':[
1,
],
'ant-design:components/table/hooks/useLazyKVMap.ts':[
1,
],
'ant-design:components/table/hooks/useSelection.tsx':[
9,
],
'ant-design:components/table/hooks/useSorter.tsx':[
5,
],
'ant-design:components/table/hooks/useTitleColumns.tsx':[
1,
],
'ant-design:components/table/interface.tsx':[
7,
],
'ant-design:components/tabs/index.tsx':[
8,
],
'ant-design:components/tag/CheckableTag.tsx':[
2,
],
'ant-design:components/tag/index.tsx':[
4,
],
'ant-design:components/time-picker/__tests__/type.test.tsx':[
1,
],
'ant-design:components/time-picker/index.tsx':[
2,
],
'ant-design:components/timeline/Timeline.tsx':[
3,
],
'ant-design:components/timeline/TimelineItem.tsx':[
2,
],
'ant-design:components/tooltip/__tests__/type.test.tsx':[
1,
],
'ant-design:components/tooltip/index.tsx':[
6,
],
'ant-design:components/transfer/ListBody.tsx':[
2,
],
'ant-design:components/transfer/ListItem.tsx':[
3,
],
'ant-design:components/transfer/index.tsx':[
2,
],
'ant-design:components/transfer/list.tsx':[
4,
],
'ant-design:components/transfer/operation.tsx':[
3,
],
'ant-design:components/transfer/search.tsx':[
2,
],
'ant-design:components/tree-select/index.tsx':[
7,
],
'ant-design:components/tree/DirectoryTree.tsx':[
10,
],
'ant-design:components/tree/Tree.tsx':[
6,
],
'ant-design:components/tree/__tests__/type.test.tsx':[
2,
],
'ant-design:components/tree/utils/iconUtil.tsx':[
7,
],
'ant-design:components/typography/Base/Ellipsis.tsx':[
3,
],
'ant-design:components/typography/Base/EllipsisTooltip.tsx':[
1,
],
'ant-design:components/typography/Base/index.tsx':[
13,
],
'ant-design:components/typography/Editable.tsx':[
5,
],
'ant-design:components/typography/Link.tsx':[
1,
],
'ant-design:components/typography/Paragraph.tsx':[
1,
],
'ant-design:components/typography/Text.tsx':[
2,
],
'ant-design:components/typography/Title.tsx':[
1,
],
'ant-design:components/typography/Typography.tsx':[
3,
],
'ant-design:components/typography/__tests__/copy.test.tsx':[
3,
],
'ant-design:components/typography/hooks/useMergedConfig.ts':[
1,
],
'ant-design:components/typography/hooks/useUpdatedEffect.ts':[
1,
],
'ant-design:components/upload/Dragger.tsx':[
1,
],
'ant-design:components/upload/Upload.tsx':[
5,
],
'ant-design:components/upload/UploadList/ListItem.tsx':[
6,
],
'ant-design:components/upload/UploadList/index.tsx':[
8,
],
'ant-design:components/upload/interface.tsx':[
6,
],
'ant-design:site/theme/template/Components/Helmet.tsx':[
1,
],
'ant-design:site/theme/template/Home/Banner/Background.tsx':[
1,
],
'ant-design:site/theme/template/Home/Banner/Logo.tsx':[
1,
],
'ant-design:site/theme/template/Home/Banner/index.tsx':[
1,
],
'ant-design:site/theme/template/Home/DesignPage/Certainty.tsx':[
1,
],
'ant-design:site/theme/template/Home/DesignPage/Growth.tsx':[
1,
],
'ant-design:site/theme/template/Home/DesignPage/InteractiveIcon.tsx':[
1,
],
'ant-design:site/theme/template/Home/DesignPage/Meaningful.tsx':[
1,
],
'ant-design:site/theme/template/Home/DesignPage/Natural.tsx':[
1,
],
'ant-design:site/theme/template/Home/DesignPage/index.tsx':[
1,
],
'ant-design:site/theme/template/Home/MorePage.tsx':[
1,
],
'ant-design:site/theme/template/Home/RecommendPage.tsx':[
1,
],
'ant-design:site/theme/template/Home/index.tsx':[
1,
],
'ant-design:site/theme/template/Home/util.tsx':[
2,
],
'ant-design:site/theme/template/IconDisplay/Category.tsx':[
1,
],
'ant-design:site/theme/template/IconDisplay/CopyableIcon.tsx':[
1,
5,
],
'ant-design:site/theme/template/IconDisplay/IconPicSearcher.tsx':[
5,
],
'ant-design:site/theme/template/IconDisplay/fields.ts':[
1,
],
'ant-design:site/theme/template/IconDisplay/index.tsx':[
1,
2,
],
'ant-design:site/theme/template/IconDisplay/themeIcons.tsx':[
1,
],
'ant-design:site/theme/template/Layout/Header/Github.tsx':[
1,
],
'ant-design:site/theme/template/Layout/Header/Logo.tsx':[
1,
3,
],
'ant-design:site/theme/template/Layout/Header/More.tsx':[
1,
],
'ant-design:site/theme/template/Layout/Header/Navigation.tsx':[
1,
9,
],
'ant-design:site/theme/template/Layout/Header/SearchBar.tsx':[
1,
2,
],
'ant-design:site/theme/template/Layout/Header/index.tsx':[
7,
],
'ant-design:site/theme/template/Layout/SiteContext.tsx':[
1,
],
'ant-design:site/theme/template/NotFound.tsx':[
5,
],
'ant-design:site/theme/template/Resources/AffixTabs.tsx':[
1,
],
'ant-design:site/theme/template/Resources/Articles/index.tsx':[
2,
],
'ant-design:site/theme/template/Resources/index.tsx':[
1,
6,
],
}
