{
'ant-design:components/skeleton/Image.tsx':[
6,
],
'ant-design:components/skeleton/Skeleton.tsx':[
16,
],
'ant-design:components/tree/Tree.tsx':[
54,
],
}
