{
'Joust:ts/components/game/visuals/HeroPowerArt.tsx':[
21,
],
'Joust:ts/components/game/visuals/WeaponArt.tsx':[
22,
],
}
