{
'angular.js:src/Angular.js':[
1270,
],
'angular.js:src/ng/anchorScroll.js':[
205,
255,
],
'angular.js:src/ng/cacheFactory.js':[
296,
],
'angular.js:src/ng/compile.js':[
1527,
2206,
2580,
2697,
3154,
3160,
3223,
3374,
3428,
3798,
3824,
4060,
],
'angular.js:src/ng/directive/form.js':[
704,
],
'angular.js:src/ng/directive/input.js':[
1929,
],
'angular.js:src/ng/directive/ngClass.js':[
138,
],
'angular.js:src/ng/directive/ngModel.js':[
323,
859,
],
'angular.js:src/ng/filter/filter.js':[
183,
220,
],
'angular.js:src/ng/filter/filters.js':[
177,
],
'angular.js:src/ng/filter/orderBy.js':[
621,
668,
687,
],
'angular.js:src/ng/http.js':[
187,
1363,
],
'angular.js:src/ng/httpBackend.js':[
171,
],
'angular.js:src/ng/interpolate.js':[
322,
],
'angular.js:src/ng/location.js':[
173,
317,
],
'angular.js:src/ng/log.js':[
148,
],
'angular.js:src/ng/parse.js':[
1952,
],
'angular.js:src/ng/rootScope.js':[
841,
],
'angular.js:src/ng/sce.js':[
452,
],
'angular.js:src/ng/templateRequest.js':[
90,
],
'angular.js:src/ngAnimate/animateCss.js':[
464,
648,
835,
],
'angular.js:src/ngAnimate/animateJs.js':[
178,
235,
],
'angular.js:src/ngAnimate/animateQueue.js':[
207,
678,
],
'angular.js:src/ngAnimate/shared.js':[
269,
],
'angular.js:src/ngMessages/messages.js':[
446,
],
'angular.js:src/ngRoute/route.js':[
651,
712,
734,
782,
],
'angular.js:src/ngSanitize/sanitize.js':[
511,
],
'angular.js:src/shallowCopy.js':[
17,
],
'angular.js:src/stringify.js':[
33,
],
}
