{
'angular.js:src/jqLite.js':[
762,
1091,
],
'angular.js:src/ng/compile.js':[
4202,
],
'angular.js:src/ng/directive/form.js':[
636,
],
'angular.js:src/ng/location.js':[
654,
],
'angular.js:src/ng/sce.js':[
301,
304,
],
'angular.js:src/ngMessageFormat/messageFormatInterpolationParts.js':[
26,
38,
50,
57,
65,
75,
107,
123,
129,
],
'angular.js:src/ngMessageFormat/messageFormatParser.js':[
75,
80,
92,
102,
107,
115,
126,
132,
139,
163,
174,
183,
197,
210,
216,
225,
232,
242,
255,
273,
290,
315,
345,
350,
373,
380,
386,
396,
420,
448,
],
'angular.js:src/ngMessageFormat/messageFormatSelector.js':[
31,
35,
39,
60,
68,
73,
91,
110,
],
'angular.js:src/ngResource/resource.js':[
700,
],
}
