{
'angular.js:src/ng/parse.js':[
760,
1327,
],
'angular.js:src/ngAnimate/animateQueue.js':[
207,
],
}
