{
'angular.js:docs/app/src/docs.js':[
8,
],
'angular.js:docs/config/index.js':[
157,
],
'angular.js:src/ng/compile.js':[
1997,
2884,
3585,
],
'angular.js:src/ng/directive/input.js':[
1502,
1724,
2003,
],
'angular.js:src/ng/directive/ngModel.js':[
254,
],
'angular.js:src/ng/http.js':[
432,
],
'angular.js:src/ng/httpBackend.js':[
59,
],
'angular.js:src/ngAnimate/animateCss.js':[
328,
],
'angular.js:src/ngAnimate/animateQueue.js':[
115,
],
'angular.js:src/ngMessageFormat/messageFormatParser.js':[
39,
],
'angular.js:src/ngMock/angular-mocks.js':[
975,
1465,
],
'angular.js:src/ngRoute/route.js':[
328,
],
}
