{
'angular.js:Gruntfile.js':[
552,
553,
554,
],
'angular.js:benchmarks/event-delegation-bp/app.js':[
21,
],
'angular.js:benchmarks/ng-options-bp/app.js':[
31,
],
'angular.js:benchmarks/select-ng-value-bp/app.js':[
40,
],
'angular.js:docs/app/e2e/app.scenario.js':[
21,
],
'angular.js:karma-shared.conf.js':[
238,
],
'angular.js:lib/browserstack/start_tunnel.js':[
32,
35,
37,
49,
],
'angular.js:lib/grunt/utils.js':[
298,
],
'angular.js:lib/versions/version-info.js':[
226,
227,
228,
229,
230,
233,
234,
],
'angular.js:scripts/compare-master-to-stable.js':[
74,
75,
157,
165,
],
'angular.js:src/angular.bind.js':[
4,
],
}
