{
'ocanvas:src/animation.js':[
104,
],
'ocanvas:src/displayobjects/ellipse.js':[
46,
],
'ocanvas:src/displayobjects/image.js':[
27,
],
'ocanvas:src/draw.js':[
16,
17,
95,
95,
95,
95,
95,
95,
],
'ocanvas:src/style.js':[
39,
39,
129,
],
}
