{
'javascript-test-sources:src/ace/demo/code_lens.html':[
63,
],
'javascript-test-sources:src/ace/lib/ace/mode/css/csslint.js':[
2124,
3096,
5204,
5335,
5490,
5564,
5592,
],
'javascript-test-sources:src/ace/lib/ace/mode/html/saxparser.js':[
398,
3359,
3610,
4014,
4892,
5232,
],
'javascript-test-sources:src/ace/lib/ace/mode/javascript/jshint.js':[
6275,
7586,
7925,
8512,
10121,
10435,
10748,
10784,
12865,
],
'javascript-test-sources:src/ace/lib/ace/mode/javascript_worker.js':[
118,
],
'javascript-test-sources:src/ace/lib/ace/mode/json/json_parse.js':[
159,
],
'javascript-test-sources:src/ace/lib/ace/mode/xquery/jsoniq_lexer.js':[
1543,
],
'javascript-test-sources:src/ace/lib/ace/mode/xquery/xquery_lexer.js':[
1543,
],
'javascript-test-sources:src/ace/lib/ace/mode/yaml/yaml-lint.js':[
690,
743,
1467,
1820,
1918,
1987,
2462,
3369,
],
'javascript-test-sources:src/ace/src/autocomplete.js':[
510,
],
'javascript-test-sources:src/ace/src/edit_session.js':[
1185,
1769,
1803,
],
'javascript-test-sources:src/ace/src/edit_session/bracket_match.js':[
420,
],
'javascript-test-sources:src/ace/src/edit_session/folding.js':[
20,
46,
60,
275,
638,
],
'javascript-test-sources:src/ace/src/editor.js':[
1880,
],
'javascript-test-sources:src/ace/src/ext/beautify.js':[
63,
],
'javascript-test-sources:src/ace/src/ext/searchbox.js':[
272,
],
'javascript-test-sources:src/ace/src/keyboard/keybinding.js':[
75,
],
'javascript-test-sources:src/ace/src/keyboard/sublime.js':[
17,
],
'javascript-test-sources:src/ace/src/keyboard/vim.js':[
330,
2785,
],
'javascript-test-sources:src/ace/src/keyboard/vim_test.js':[
5542,
],
'javascript-test-sources:src/ace/src/layer/gutter.js':[
191,
],
'javascript-test-sources:src/ace/src/layer/marker.js':[
47,
],
'javascript-test-sources:src/ace/src/line_widgets.js':[
271,
323,
],
'javascript-test-sources:src/ace/src/mode/behaviour/liquid.js':[
50,
],
'javascript-test-sources:src/ace/src/mode/folding/asciidoc.js':[
63,
],
'javascript-test-sources:src/ace/src/mode/folding/coffee.js':[
28,
],
'javascript-test-sources:src/ace/src/mode/folding/csharp.js':[
61,
84,
],
'javascript-test-sources:src/ace/src/mode/folding/cstyle.js':[
108,
143,
],
'javascript-test-sources:src/ace/src/mode/folding/fold_mode.js':[
40,
],
'javascript-test-sources:src/ace/src/mode/folding/ini.js':[
30,
],
'javascript-test-sources:src/ace/src/mode/folding/java.js':[
37,
],
'javascript-test-sources:src/ace/src/mode/folding/latex.js':[
79,
120,
],
'javascript-test-sources:src/ace/src/mode/folding/lua.js':[
107,
],
'javascript-test-sources:src/ace/src/mode/folding/markdown.js':[
70,
],
'javascript-test-sources:src/ace/src/mode/folding/ruby.js':[
163,
178,
],
'javascript-test-sources:src/ace/src/mode/folding/sqlserver.js':[
63,
],
'javascript-test-sources:src/ace/src/mode/folding/vbscript.js':[
164,
],
'javascript-test-sources:src/ace/src/mode/folding/velocity.js':[
28,
],
'javascript-test-sources:src/ace/src/range_list.js':[
72,
168,
],
'javascript-test-sources:src/ace/src/search.js':[
119,
325,
],
'javascript-test-sources:src/ace/src/selection.js':[
619,
],
'javascript-test-sources:src/ace/src/snippets.js':[
299,
420,
568,
],
'javascript-test-sources:src/ace/src/test/user.js':[
160,
],
'javascript-test-sources:src/ace/src/tokenizer.js':[
226,
243,
],
'javascript-test-sources:src/ace/src/tokenizer_dev.js':[
54,
71,
],
'javascript-test-sources:src/ace/src/undomanager.js':[
288,
],
'javascript-test-sources:src/ace/tool/lib.js':[
58,
],
'javascript-test-sources:src/ecmascript6/router/third_party/brick/brick-1.0.1.byob.js':[
2334,
],
}
