{
'courselit:apps/web/components/public/checkout/free.tsx':[
47,
],
}
