{
'courselit:apps/web/services/medialit.ts':[
31,
],
}
