{
'fireact:src/pages/auth/accounts/Plans/index.js':[
11,
],
}
