{
'ag-grid:src/ts/dragAndDrop/dragAndDropService.ts':[
326,
334,
],
'ag-grid:src/ts/entities/columnGroup.ts':[
139,
],
'ag-grid:src/ts/entities/rowNode.ts':[
446,
462,
],
'ag-grid:src/ts/filter/baseFilter.ts':[
86,
],
'ag-grid:src/ts/filter/filterManager.ts':[
244,
251,
],
'ag-grid:src/ts/gridPanel/gridPanel.ts':[
701,
],
'ag-grid:src/ts/rendering/renderedCell.ts':[
800,
885,
],
'ag-grid:src/ts/rowModels/cache/rowNodeCache.ts':[
182,
],
'ag-grid:src/ts/rowModels/inMemory/flattenStage.ts':[
78,
],
'ag-grid:src/ts/utils.ts':[
221,
],
'ag-grid:src/ts/xmlFactory.ts':[
46,
],
}
