{
'knockout:Gruntfile.js':[
169,
188,
189,
],
'knockout:build/knockout-raw.js':[
25,
],
'knockout:src/binding/bindingAttributeSyntax.js':[
303,
510,
527,
],
'knockout:src/binding/bindingProvider.js':[
49,
68,
],
'knockout:src/binding/expressionRewriting.js':[
13,
35,
129,
134,
136,
151,
],
'knockout:src/components/componentBinding.js':[
56,
91,
],
'knockout:src/components/defaultLoader.js':[
21,
214,
],
'knockout:src/memoization.js':[
30,
36,
],
'knockout:src/tasks.js':[
47,
],
'knockout:src/templating/jquery.tmpl/jqueryTmplTemplateEngine.js':[
40,
57,
61,
],
'knockout:src/templating/templateRewriting.js':[
18,
33,
],
'knockout:src/utils.domManipulation.js':[
45,
],
'knockout:src/utils.js':[
53,
469,
470,
],
}
