{
'knockout:build/fragments/source-references.js':[
1,
],
'knockout:src/binding/bindingAttributeSyntax.js':[
3,
569,
],
'knockout:src/binding/bindingProvider.js':[
4,
],
'knockout:src/binding/defaultBindings/attr.js':[
2,
],
'knockout:src/binding/defaultBindings/checked.js':[
3,
],
'knockout:src/binding/defaultBindings/click.js':[
2,
],
'knockout:src/binding/defaultBindings/css.js':[
2,
],
'knockout:src/binding/defaultBindings/enableDisable.js':[
1,
],
'knockout:src/binding/defaultBindings/event.js':[
4,
],
'knockout:src/binding/defaultBindings/foreach.js':[
3,
],
'knockout:src/binding/defaultBindings/hasfocus.js':[
3,
],
'knockout:src/binding/defaultBindings/html.js':[
1,
],
'knockout:src/binding/defaultBindings/ifIfnotWith.js':[
5,
],
'knockout:src/binding/defaultBindings/let.js':[
1,
],
'knockout:src/binding/defaultBindings/options.js':[
2,
],
'knockout:src/binding/defaultBindings/selectedOptions.js':[
1,
],
'knockout:src/binding/defaultBindings/style.js':[
1,
12,
],
'knockout:src/binding/defaultBindings/submit.js':[
1,
],
'knockout:src/binding/defaultBindings/text.js':[
1,
],
'knockout:src/binding/defaultBindings/textInput.js':[
19,
63,
],
'knockout:src/binding/defaultBindings/uniqueName.js':[
1,
],
'knockout:src/binding/defaultBindings/using.js':[
1,
],
'knockout:src/binding/defaultBindings/value.js':[
1,
],
'knockout:src/binding/defaultBindings/visibleHidden.js':[
1,
],
'knockout:src/binding/editDetection/arrayToDomNodeChildren.js':[
15,
],
'knockout:src/binding/editDetection/compareArrays.js':[
2,
],
'knockout:src/binding/expressionRewriting.js':[
1,
],
'knockout:src/binding/selectExtensions.js':[
7,
],
'knockout:src/components/componentBinding.js':[
4,
],
'knockout:src/components/customElements.js':[
4,
],
'knockout:src/components/defaultLoader.js':[
15,
197,
],
'knockout:src/components/loaderRegistry.js':[
5,
],
'knockout:src/google-closure-compiler-utils.js':[
2,
],
'knockout:src/memoization.js':[
2,
],
'knockout:src/options.js':[
2,
],
'knockout:src/subscribables/dependencyDetection.js':[
2,
],
'knockout:src/subscribables/dependentObservable.js':[
1,
83,
149,
],
'knockout:src/subscribables/extenders.js':[
1,
],
'knockout:src/subscribables/mappingHelpers.js':[
5,
],
'knockout:src/subscribables/observable.js':[
1,
44,
],
'knockout:src/subscribables/observableArray.changeTracking.js':[
2,
],
'knockout:src/subscribables/observableArray.js':[
1,
],
'knockout:src/subscribables/observableUtils.js':[
1,
],
'knockout:src/subscribables/subscribable.js':[
2,
185,
],
'knockout:src/tasks.js':[
1,
],
'knockout:src/templating/jquery.tmpl/jqueryTmplTemplateEngine.js':[
2,
8,
],
'knockout:src/templating/native/nativeTemplateEngine.js':[
1,
],
'knockout:src/templating/templateEngine.js':[
28,
],
'knockout:src/templating/templateRewriting.js':[
2,
],
'knockout:src/templating/templateSources.js':[
26,
],
'knockout:src/templating/templating.js':[
3,
],
'knockout:src/utils.domData.js':[
2,
],
'knockout:src/utils.domManipulation.js':[
19,
74,
],
'knockout:src/utils.domNodeDisposal.js':[
2,
95,
],
'knockout:src/utils.js':[
1,
29,
382,
],
'knockout:src/version.js':[
1,
],
'knockout:src/virtualElements.js':[
28,
],
}
