{
'react-cloud-music:config/env.js':[
13,
38,
80,
],
'react-cloud-music:config/modules.js':[
44,
45,
56,
],
'react-cloud-music:config/paths.js':[
58,
],
'react-cloud-music:config/pnpTs.js':[
10,
17,
26,
33,
],
'react-cloud-music:config/webpack.config.js':[
260,
342,
433,
452,
501,
502,
],
'react-cloud-music:rename.js':[
28,
],
'react-cloud-music:scripts/build.js':[
75,
80,
92,
105,
112,
129,
130,
151,
171,
172,
],
'react-cloud-music:scripts/start.js':[
51,
52,
53,
56,
59,
105,
123,
124,
],
'react-cloud-music:src/api/config.js':[
7,
14,
23,
27,
31,
35,
39,
43,
47,
51,
55,
59,
63,
67,
71,
75,
79,
80,
87,
91,
95,
99,
103,
107,
111,
115,
119,
123,
127,
131,
135,
139,
143,
147,
151,
155,
159,
163,
167,
171,
175,
179,
183,
187,
188,
216,
229,
236,
240,
244,
248,
252,
253,
],
'react-cloud-music:src/api/lyric-parser.js':[
20,
66,
93,
],
'react-cloud-music:src/api/request.js':[
17,
55,
],
'react-cloud-music:src/api/script.js':[
7,
],
'react-cloud-music:src/api/utils.js':[
56,
91,
],
'react-cloud-music:src/application/Album/index.jsx':[
103,
114,
],
'react-cloud-music:src/application/Album/store/actionCreators.js':[
7,
12,
16,
21,
26,
],
'react-cloud-music:src/application/Player/index.jsx':[
11,
38,
49,
98,
296,
325,
332,
],
'react-cloud-music:src/application/Player/normal-player/index.jsx':[
19,
34,
44,
92,
101,
104,
107,
108,
115,
116,
197,
223,
290,
],
'react-cloud-music:src/application/Player/play-list/index.jsx':[
8,
40,
51,
255,
282,
],
'react-cloud-music:src/application/Player/store/actionCreators.js':[
7,
12,
17,
22,
27,
32,
37,
42,
47,
52,
57,
],
'react-cloud-music:src/application/Player/store/reducer.js':[
15,
],
'react-cloud-music:src/application/Rank/index.jsx':[
9,
88,
95,
],
'react-cloud-music:src/application/Rank/store/index.js':[
11,
26,
32,
],
'react-cloud-music:src/application/Recommend/index.jsx':[
50,
],
'react-cloud-music:src/application/Recommend/store/actionCreators.js':[
7,
12,
17,
],
'react-cloud-music:src/application/Recommend/store/reducer.js':[
7,
],
'react-cloud-music:src/application/Search/index.jsx':[
27,
37,
223,
240,
],
'react-cloud-music:src/application/Search/store/actionCreators.js':[
8,
13,
18,
23,
],
'react-cloud-music:src/application/Search/store/reducer.js':[
8,
],
'react-cloud-music:src/application/Singer/index.jsx':[
26,
150,
158,
165,
],
'react-cloud-music:src/application/Singer/store/actionCreators.js':[
8,
13,
17,
],
'react-cloud-music:src/application/Singer/store/reducer.js':[
7,
],
'react-cloud-music:src/application/Singers/index.jsx':[
9,
111,
144,
],
'react-cloud-music:src/application/Singers/store/actionCreators.js':[
3,
12,
15,
20,
25,
30,
35,
41,
47,
53,
],
'react-cloud-music:src/application/Singers/store/reducer.js':[
20,
26,
],
'react-cloud-music:src/application/SongList/index.jsx':[
49,
88,
101,
],
'react-cloud-music:src/application/User/Login/PhoneForm/index.jsx':[
16,
],
'react-cloud-music:src/application/User/Login/index.jsx':[
18,
94,
110,
116,
],
'react-cloud-music:src/application/User/Login/store/actionCreators.js':[
4,
9,
14,
19,
24,
],
'react-cloud-music:src/application/User/Login/store/reducer.js':[
7,
],
'react-cloud-music:src/application/User/Login/style.js':[
117,
],
'react-cloud-music:src/assets/border.js':[
8,
],
'react-cloud-music:src/assets/global-style.js':[
48,
],
'react-cloud-music:src/baseUI/confirm/index.jsx':[
87,
],
'react-cloud-music:src/baseUI/header/index.jsx':[
46,
52,
],
'react-cloud-music:src/baseUI/horizen-item/index.jsx':[
81,
86,
],
'react-cloud-music:src/baseUI/music-note/index.jsx':[
80,
],
'react-cloud-music:src/baseUI/scroll/index.jsx':[
105,
106,
169,
194,
206,
],
'react-cloud-music:src/baseUI/toast/index.jsx':[
47,
],
'react-cloud-music:src/components/list/index.jsx':[
5,
],
'react-cloud-music:src/routes/index.jsx':[
32,
40,
41,
42,
51,
52,
53,
62,
63,
64,
70,
76,
77,
78,
79,
80,
81,
],
'react-cloud-music:src/serviceWorker.js':[
19,
20,
46,
74,
124,
],
'react-cloud-music:src/store/reducer.js':[
19,
],
'react-cloud-music:ts-music/config/env.js':[
13,
38,
88,
],
'react-cloud-music:ts-music/config/getHttpsConfig.js':[
18,
29,
39,
40,
],
'react-cloud-music:ts-music/config/modules.js':[
54,
55,
108,
],
'react-cloud-music:ts-music/config/paths.js':[
21,
41,
],
'react-cloud-music:ts-music/config/pnpTs.js':[
10,
17,
26,
33,
],
'react-cloud-music:ts-music/config/webpack.config.js':[
41,
125,
280,
370,
465,
485,
534,
535,
592,
],
'react-cloud-music:ts-music/scripts/build.js':[
75,
80,
92,
105,
113,
114,
122,
139,
140,
171,
191,
192,
],
'react-cloud-music:ts-music/scripts/start.js':[
51,
52,
53,
56,
59,
88,
112,
117,
135,
136,
],
'react-cloud-music:ts-music/src/serviceWorker.js':[
19,
20,
46,
74,
126,
],
}
