{
'amplify:src/core.js':[
1,
],
'amplify:src/store.js':[
1,
],
}
