{
'TypeScript:src/harness/fourslash.ts':[
588,
2886,
],
'TypeScript:src/harness/harness.ts':[
87,
],
}
