{
'TypeScript:scripts/tslint/nextLineRule.ts':[
66,
],
'TypeScript:src/compiler/checker.ts':[
139,
142,
146,
202,
12385,
13718,
14013,
],
'TypeScript:src/compiler/core.ts':[
2307,
2308,
],
'TypeScript:src/compiler/program.ts':[
1666,
1919,
],
'TypeScript:src/harness/compilerRunner.ts':[
51,
52,
144,
],
'TypeScript:src/harness/fourslash.ts':[
1463,
2216,
3298,
],
'TypeScript:src/harness/harness.ts':[
1371,
1375,
1826,
],
'TypeScript:src/harness/harnessLanguageService.ts':[
190,
215,
262,
274,
],
'TypeScript:src/harness/loggedIO.ts':[
150,
249,
283,
284,
],
'TypeScript:src/harness/projectsRunner.ts':[
454,
457,
469,
477,
523,
],
'TypeScript:src/harness/rwcRunner.ts':[
162,
],
'TypeScript:src/server/project.ts':[
718,
],
'TypeScript:src/server/scriptVersionCache.ts':[
425,
],
'TypeScript:src/server/session.ts':[
425,
511,
523,
1182,
1304,
1411,
1583,
1647,
1650,
1653,
1656,
1659,
1662,
1665,
1668,
1671,
1674,
1685,
1688,
1691,
1694,
1697,
1700,
1703,
1706,
1709,
1712,
1715,
1718,
1721,
1724,
1727,
1730,
1733,
1736,
1739,
1742,
1745,
1748,
1751,
1758,
1761,
1795,
1798,
1801,
1804,
1807,
1810,
1813,
1816,
1819,
1822,
1825,
1832,
1839,
1842,
1845,
],
'TypeScript:src/services/documentHighlights.ts':[
315,
393,
],
'TypeScript:src/services/formatting/rules.ts':[
577,
581,
585,
589,
],
'TypeScript:src/services/formatting/rulesMap.ts':[
32,
46,
47,
],
'TypeScript:src/services/pathCompletions.ts':[
391,
],
'TypeScript:src/services/services.ts':[
1137,
1140,
1149,
1152,
1164,
],
'TypeScript:src/services/transpile.ts':[
78,
],
}
