{
'rxjs:src/Observable.ts':[
56,
145,
],
'rxjs:src/Subject.ts':[
42,
],
'rxjs:src/observable/PromiseObservable.ts':[
62,
70,
88,
95,
100,
],
'rxjs:src/observable/dom/AjaxObservable.ts':[
128,
],
'rxjs:src/observable/dom/WebSocketSubject.ts':[
190,
191,
],
'rxjs:src/testing/TestScheduler.ts':[
64,
66,
90,
],
'rxjs:src/util/subscribeToResult.ts':[
44,
],
}
