{
'rxjs:src/AsyncSubject.ts':[
10,
11,
],
'rxjs:src/InnerSubscriber.ts':[
10,
],
'rxjs:src/Observable.ts':[
28,
],
'rxjs:src/Scheduler.ts':[
60,
],
'rxjs:src/SubjectSubscription.ts':[
11,
],
'rxjs:src/Subscriber.ts':[
41,
42,
44,
],
'rxjs:src/Subscription.ts':[
41,
],
'rxjs:src/observable/ConnectableObservable.ts':[
13,
],
'rxjs:src/observable/IntervalObservable.ts':[
46,
],
'rxjs:src/observable/RangeObservable.ts':[
43,
44,
],
'rxjs:src/observable/ScalarObservable.ts':[
33,
],
'rxjs:src/observable/SubscribeOnObservable.ts':[
20,
],
'rxjs:src/observable/TimerObservable.ts':[
82,
83,
],
'rxjs:src/observable/dom/AjaxObservable.ts':[
185,
],
'rxjs:src/operator/audit.ts':[
72,
],
'rxjs:src/operator/auditTime.ts':[
72,
],
'rxjs:src/operator/bufferCount.ts':[
106,
],
'rxjs:src/operator/bufferWhen.ts':[
66,
],
'rxjs:src/operator/combineLatest.ts':[
105,
],
'rxjs:src/operator/count.ts':[
74,
75,
],
'rxjs:src/operator/debounce.ts':[
72,
],
'rxjs:src/operator/debounceTime.ts':[
75,
],
'rxjs:src/operator/defaultIfEmpty.ts':[
60,
],
'rxjs:src/operator/delay.ts':[
81,
82,
],
'rxjs:src/operator/delayWhen.ts':[
79,
178,
],
'rxjs:src/operator/distinctUntilChanged.ts':[
73,
],
'rxjs:src/operator/every.ts':[
42,
],
'rxjs:src/operator/exhaust.ts':[
59,
60,
],
'rxjs:src/operator/exhaustMap.ts':[
80,
81,
82,
],
'rxjs:src/operator/expand.ts':[
94,
95,
96,
],
'rxjs:src/operator/filter.ts':[
76,
],
'rxjs:src/operator/find.ts':[
73,
],
'rxjs:src/operator/first.ts':[
100,
101,
102,
],
'rxjs:src/operator/groupBy.ts':[
118,
119,
],
'rxjs:src/operator/last.ts':[
70,
71,
],
'rxjs:src/operator/map.ts':[
60,
],
'rxjs:src/operator/mergeAll.ts':[
75,
77,
],
'rxjs:src/operator/mergeMap.ts':[
101,
103,
104,
],
'rxjs:src/operator/mergeMapTo.ts':[
87,
89,
90,
],
'rxjs:src/operator/mergeScan.ts':[
68,
69,
71,
72,
],
'rxjs:src/operator/observeOn.ts':[
56,
],
'rxjs:src/operator/pairwise.ts':[
57,
],
'rxjs:src/operator/race.ts':[
73,
],
'rxjs:src/operator/reduce.ts':[
83,
85,
],
'rxjs:src/operator/repeat.ts':[
19,
],
'rxjs:src/operator/repeatWhen.ts':[
50,
],
'rxjs:src/operator/retry.ts':[
22,
],
'rxjs:src/operator/sample.ts':[
66,
],
'rxjs:src/operator/sampleTime.ts':[
66,
],
'rxjs:src/operator/scan.ts':[
76,
],
'rxjs:src/operator/single.ts':[
44,
46,
],
'rxjs:src/operator/skip.ts':[
36,
],
'rxjs:src/operator/skipLast.ts':[
68,
],
'rxjs:src/operator/skipUntil.ts':[
41,
42,
],
'rxjs:src/operator/skipWhile.ts':[
37,
38,
],
'rxjs:src/operator/subscribeOn.ts':[
19,
],
'rxjs:src/operator/switch.ts':[
67,
68,
],
'rxjs:src/operator/switchMap.ts':[
82,
],
'rxjs:src/operator/switchMapTo.ts':[
80,
],
'rxjs:src/operator/take.ts':[
67,
],
'rxjs:src/operator/takeLast.ts':[
71,
],
'rxjs:src/operator/takeWhile.ts':[
61,
],
'rxjs:src/operator/throttleTime.ts':[
76,
],
'rxjs:src/operator/timeInterval.ts':[
39,
],
'rxjs:src/operator/windowCount.ts':[
55,
77,
],
'rxjs:src/operator/windowTime.ts':[
148,
],
'rxjs:src/scheduler/Action.ts':[
32,
],
'rxjs:src/scheduler/AnimationFrameAction.ts':[
17,
31,
],
'rxjs:src/scheduler/AnimationFrameScheduler.ts':[
12,
],
'rxjs:src/scheduler/AsapAction.ts':[
17,
31,
],
'rxjs:src/scheduler/AsapScheduler.ts':[
12,
],
'rxjs:src/scheduler/AsyncAction.ts':[
16,
23,
71,
75,
118,
],
'rxjs:src/scheduler/AsyncScheduler.ts':[
11,
],
'rxjs:src/scheduler/QueueAction.ts':[
17,
33,
],
'rxjs:src/scheduler/VirtualTimeScheduler.ts':[
7,
9,
10,
49,
58,
72,
80,
],
'rxjs:src/testing/TestScheduler.ts':[
10,
191,
],
}
