{
'rxjs:src/observable/BoundCallbackObservable.ts':[
227,
],
'rxjs:src/observable/BoundNodeCallbackObservable.ts':[
210,
],
'rxjs:src/observable/GenerateObservable.ts':[
206,
],
'rxjs:src/observable/PairsObservable.ts':[
84,
],
'rxjs:src/observable/dom/AjaxObservable.ts':[
91,
],
'rxjs:src/operator/bufferTime.ts':[
129,
],
'rxjs:src/operator/windowTime.ts':[
177,
178,
],
}
