{
'p5.js:docs/preprocessor.js':[
188,
268,
],
'p5.js:docs/yuidoc-p5-theme/assets/js/reference.js':[
296,
606,
674,
746,
820,
1208,
1341,
1373,
1557,
1688,
1848,
2189,
2312,
2378,
2772,
2772,
2827,
2844,
2853,
2988,
3457,
3505,
3957,
4119,
4330,
4402,
4534,
4623,
4730,
4863,
],
'p5.js:docs/yuidoc-p5-theme/assets/js/render.js':[
38,
126,
152,
241,
],
'p5.js:lib/addons/p5.sound.js':[
341,
670,
1000,
1002,
1098,
1850,
1851,
2770,
4034,
4039,
4044,
4049,
4293,
4481,
4668,
4675,
8109,
8165,
8187,
8201,
8249,
8683,
10088,
10089,
12408,
],
'p5.js:src/color/color_conversion.js':[
153,
153,
153,
],
'p5.js:src/color/creating_reading.js':[
471,
],
'p5.js:src/core/error_helpers.js':[
320,
],
'p5.js:src/core/main.js':[
250,
253,
],
'p5.js:src/dom/dom.js':[
826,
840,
],
'p5.js:src/image/loading_displaying.js':[
93,
167,
],
'p5.js:src/math/noise.js':[
287,
],
'p5.js:src/math/random.js':[
228,
],
'p5.js:src/typography/p5.Font.js':[
813,
813,
888,
974,
],
'p5.js:src/utilities/conversion.js':[
84,
274,
],
'p5.js:src/webgl/p5.RendererGL.js':[
693,
],
'p5.js:src/webgl/text.js':[
199,
199,
212,
213,
403,
403,
465,
465,
481,
481,
581,
583,
],
'p5.js:tasks/release/release-bower.js':[
42,
42,
60,
60,
],
'p5.js:test/test.html':[
47,
],
'p5.js:utils/sample-linter.js':[
35,
],
}
