{
'p5.js:docs/yuidoc-p5-theme/assets/js/reference.js':[
0,
],
'p5.js:lib/addons/p5.sound.js':[
0,
],
'p5.js:src/core/p5.Renderer2D.js':[
0,
],
'p5.js:src/dom/dom.js':[
0,
],
'p5.js:src/webgl/3d_primitives.js':[
0,
],
}
