{
'p5.js:docs/yuidoc-p5-theme/assets/js/reference.js':[
1332,
],
'p5.js:docs/yuidoc-p5-theme/assets/js/render.js':[
254,
],
}
