{
'p5.js:Gruntfile.js':[
79,
80,
87,
119,
120,
126,
133,
134,
135,
145,
153,
154,
161,
163,
164,
169,
170,
172,
175,
176,
182,
184,
187,
191,
192,
193,
206,
210,
211,
218,
219,
227,
228,
238,
246,
249,
250,
251,
261,
262,
263,
274,
275,
276,
285,
286,
289,
294,
295,
296,
310,
311,
312,
328,
329,
337,
343,
346,
347,
354,
355,
364,
370,
373,
374,
381,
382,
391,
397,
400,
401,
402,
414,
417,
418,
419,
424,
425,
426,
427,
484,
488,
493,
497,
505,
512,
519,
526,
],
'p5.js:docs/documented-method.js':[
56,
],
'p5.js:docs/preprocessor.js':[
26,
37,
78,
105,
138,
147,
170,
175,
180,
185,
191,
217,
248,
],
'p5.js:docs/yuidoc-p5-theme/assets/js/reference.js':[
57,
177,
302,
579,
588,
589,
635,
656,
721,
729,
798,
884,
886,
901,
939,
951,
955,
975,
979,
1008,
1024,
1126,
1147,
1152,
1159,
1164,
1168,
1175,
1178,
1182,
1185,
1189,
1193,
1194,
1198,
1203,
1218,
1228,
1241,
1318,
1371,
1528,
1545,
1600,
1610,
1625,
1631,
1662,
1677,
1805,
1839,
1878,
1882,
1886,
2042,
2053,
2059,
2063,
2079,
2108,
2113,
2161,
2188,
2202,
2235,
2236,
2290,
2297,
2311,
2355,
2363,
2387,
2400,
2434,
2725,
3022,
3036,
3338,
3429,
3744,
3751,
3763,
3772,
3775,
3782,
3786,
3791,
3797,
3803,
3809,
3814,
3822,
3827,
3884,
4042,
4087,
4118,
4191,
4208,
4317,
4329,
4362,
4386,
4400,
4441,
4457,
4473,
4518,
4522,
4533,
4614,
4622,
4636,
4823,
],
'p5.js:docs/yuidoc-p5-theme/assets/js/render.js':[
197,
203,
],
'p5.js:docs/yuidoc-p5-theme/helpers/helpers_dev.js':[
10,
],
'p5.js:docs/yuidoc-p5-theme/helpers/helpers_prod.js':[
9,
],
'p5.js:grunt-karma.js':[
9,
15,
16,
17,
23,
24,
25,
31,
32,
33,
37,
38,
42,
43,
49,
50,
51,
57,
58,
59,
63,
64,
65,
],
'p5.js:karma.conf.js':[
13,
24,
42,
50,
56,
84,
],
'p5.js:lib/addons/p5.sound.js':[
502,
515,
645,
661,
707,
712,
720,
725,
733,
794,
846,
895,
903,
912,
942,
1285,
1337,
1366,
1502,
2860,
2886,
3235,
3239,
3243,
3555,
3565,
3566,
3578,
3582,
3586,
3590,
3594,
4019,
4108,
4118,
4124,
4180,
4187,
4193,
4199,
4205,
4221,
4227,
4233,
4239,
4240,
4248,
4255,
4262,
4269,
4270,
4277,
4278,
4282,
4298,
4311,
4324,
4470,
4477,
4514,
4531,
4575,
4598,
4641,
4649,
4665,
4758,
4772,
4801,
4848,
4889,
4906,
4927,
5036,
5059,
5066,
5073,
5104,
5116,
5189,
5198,
5895,
6089,
6103,
6116,
6124,
6135,
6151,
6170,
6187,
7224,
7547,
7548,
7890,
7922,
8002,
8008,
8009,
8014,
8019,
8028,
8037,
8045,
8046,
8052,
8063,
8068,
8069,
8074,
8078,
8079,
8080,
8120,
8133,
8179,
8180,
8195,
8214,
8245,
9087,
9154,
9302,
9372,
9382,
9392,
10260,
10273,
10289,
10294,
10302,
11016,
11155,
11171,
11185,
11195,
12280,
12288,
12296,
12304,
12305,
],
'p5.js:src/color/color_conversion.js':[
180,
],
'p5.js:src/color/p5.Color.js':[
95,
103,
110,
118,
131,
143,
155,
167,
181,
195,
206,
217,
230,
243,
623,
664,
666,
678,
680,
694,
696,
710,
712,
724,
726,
740,
742,
754,
756,
770,
772,
773,
],
'p5.js:src/core/error_helpers.js':[
71,
101,
131,
135,
145,
149,
153,
157,
162,
166,
170,
176,
182,
183,
230,
243,
305,
324,
348,
384,
497,
498,
505,
506,
521,
529,
665,
750,
797,
],
'p5.js:src/core/legacy.js':[
29,
],
'p5.js:src/core/main.js':[
182,
202,
319,
576,
610,
650,
653,
655,
659,
708,
],
'p5.js:src/core/p5.Renderer.js':[
80,
81,
206,
],
'p5.js:src/core/p5.Renderer2D.js':[
37,
134,
169,
262,
289,
394,
417,
725,
751,
756,
765,
792,
814,
1089,
],
'p5.js:src/core/preload.js':[
48,
58,
113,
],
'p5.js:src/core/rendering.js':[
308,
],
'p5.js:src/core/shape/2d_primitives.js':[
41,
67,
96,
204,
427,
637,
],
'p5.js:src/core/shape/vertex.js':[
377,
608,
632,
804,
],
'p5.js:src/core/shim.js':[
34,
73,
87,
],
'p5.js:src/core/structure.js':[
205,
207,
],
'p5.js:src/data/local_storage.js':[
139,
219,
],
'p5.js:src/data/p5.TypedDict.js':[
244,
558,
],
'p5.js:src/dom/dom.js':[
922,
1039,
1205,
1328,
2202,
2292,
2611,
2636,
2929,
],
'p5.js:src/events/mouse.js':[
438,
480,
],
'p5.js:src/events/touch.js':[
50,
67,
],
'p5.js:src/image/filters.js':[
154,
164,
277,
],
'p5.js:src/image/image.js':[
206,
210,
],
'p5.js:src/image/loading_displaying.js':[
72,
80,
95,
105,
158,
195,
220,
363,
],
'p5.js:src/image/p5.Image.js':[
517,
528,
541,
661,
982,
],
'p5.js:src/image/pixels.js':[
270,
293,
305,
],
'p5.js:src/io/files.js':[
177,
288,
581,
709,
770,
1121,
1122,
1792,
],
'p5.js:src/math/noise.js':[
303,
],
'p5.js:src/math/p5.Vector.js':[
484,
558,
1528,
],
'p5.js:src/typography/loading_displaying.js':[
128,
129,
291,
],
'p5.js:src/typography/p5.Font.js':[
119,
132,
141,
480,
622,
635,
648,
680,
855,
1001,
1002,
1044,
1086,
1090,
1094,
1098,
1099,
1105,
1110,
1115,
1119,
1128,
1139,
1159,
1182,
1198,
],
'p5.js:src/webgl/3d_primitives.js':[
87,
157,
173,
186,
202,
315,
386,
397,
402,
413,
501,
535,
543,
658,
794,
924,
942,
1039,
1061,
1122,
1127,
1145,
1149,
1207,
1276,
1297,
1317,
1624,
1630,
1659,
1665,
1671,
1707,
],
'p5.js:src/webgl/interaction.js':[
138,
334,
339,
344,
348,
434,
452,
516,
],
'p5.js:src/webgl/light.js':[
77,
164,
260,
264,
366,
370,
452,
460,
467,
474,
484,
632,
789,
796,
801,
809,
819,
],
'p5.js:src/webgl/loading.js':[
137,
154,
163,
194,
211,
293,
412,
483,
491,
516,
530,
555,
565,
],
'p5.js:src/webgl/material.js':[
64,
93,
105,
494,
836,
853,
863,
869,
],
'p5.js:src/webgl/p5.Camera.js':[
441,
448,
484,
541,
598,
632,
649,
829,
852,
912,
986,
1048,
1103,
1188,
1242,
1346,
],
'p5.js:src/webgl/p5.Geometry.js':[
107,
164,
],
'p5.js:src/webgl/p5.RendererGL.Immediate.js':[
75,
88,
116,
121,
158,
183,
226,
268,
290,
],
'p5.js:src/webgl/p5.RendererGL.Retained.js':[
154,
169,
197,
],
'p5.js:src/webgl/p5.RendererGL.js':[
13,
19,
23,
27,
37,
48,
148,
157,
162,
163,
164,
182,
187,
189,
190,
242,
265,
309,
481,
513,
552,
728,
813,
820,
840,
859,
883,
895,
896,
1140,
1146,
1159,
1171,
1183,
1195,
1206,
1219,
1277,
1281,
1289,
1293,
1308,
1339,
1431,
],
'p5.js:src/webgl/p5.Shader.js':[
67,
68,
81,
82,
94,
95,
122,
156,
523,
533,
549,
],
'p5.js:src/webgl/p5.Texture.js':[
114,
124,
215,
302,
311,
325,
334,
],
'p5.js:src/webgl/text.js':[
231,
290,
305,
345,
409,
592,
606,
617,
627,
637,
],
'p5.js:tasks/build/browserify.js':[
35,
70,
79,
85,
],
'p5.js:tasks/build/combineModules.js':[
69,
100,
109,
115,
],
'p5.js:tasks/build/eslint-samples.js':[
15,
42,
47,
],
'p5.js:tasks/release/release-bower.js':[
34,
53,
74,
82,
],
'p5.js:tasks/release/release-docs.js':[
31,
50,
69,
80,
],
'p5.js:tasks/release/release-github.js':[
8,
22,
43,
52,
57,
59,
73,
74,
86,
87,
],
'p5.js:tasks/release/release-p5.js':[
23,
27,
30,
31,
32,
37,
39,
40,
41,
80,
],
'p5.js:tasks/test/mocha-chrome.js':[
18,
59,
],
'p5.js:test/manual-test-examples/module.html':[
8,
9,
],
'p5.js:test/test-reference.html':[
29,
39,
46,
],
'p5.js:test/test.html':[
61,
],
'p5.js:utils/sample-linter.js':[
13,
53,
82,
90,
91,
107,
126,
191,
192,
193,
202,
],
}
