{
'moose:main/controllers/description.ts':[
11,
16,
],
'moose:main/controllers/details.ts':[
69,
],
'moose:main/controllers/stream.ts':[
12,
33,
42,
52,
],
'moose:main/controllers/subtitles.ts':[
16,
40,
51,
70,
79,
],
'moose:main/helpers/Description.ts':[
74,
96,
],
'moose:main/helpers/createWindow.ts':[
11,
],
'moose:main/modules/cast.ts':[
41,
],
'moose:main/modules/playOnVlc.ts':[
18,
],
'moose:main/utils/Cast.ts':[
65,
73,
81,
90,
99,
],
'moose:main/utils/opensubtitle-hash.ts':[
4,
59,
61,
],
'moose:renderer/components/Cast/Cast.tsx':[
57,
],
'moose:renderer/components/CastControl/CastControl.tsx':[
50,
126,
130,
],
'moose:renderer/components/Container/Container.tsx':[
30,
33,
38,
84,
139,
142,
],
'moose:renderer/components/Downloads/Downloads.tsx':[
59,
69,
90,
156,
162,
],
'moose:renderer/components/DragAndDrop/DragAndDrop.tsx':[
24,
58,
],
'moose:renderer/components/DropUI/DropUI.tsx':[
40,
],
'moose:renderer/components/FilesList/FilesList.tsx':[
82,
107,
112,
125,
149,
205,
237,
239,
],
'moose:renderer/components/Header/Header.tsx':[
48,
113,
],
'moose:renderer/components/Message/Message.tsx':[
22,
],
'moose:renderer/components/MiniPlayer/MiniPlayer.tsx':[
42,
],
'moose:renderer/components/Modal/Modal.tsx':[
74,
76,
],
'moose:renderer/components/Player/Player.tsx':[
146,
],
'moose:renderer/components/Settings/Settings.tsx':[
13,
],
'moose:renderer/components/Toast/Toast.tsx':[
44,
],
'moose:renderer/components/TorrentDetails/TorrentDetails.tsx':[
28,
56,
98,
111,
139,
142,
],
'moose:renderer/utils/animations.ts':[
15,
],
'moose:renderer/utils/assert.ts':[
10,
],
'moose:renderer/utils/getSubtitlesFromTorrent.ts':[
14,
],
'moose:renderer/utils/url.ts':[
24,
],
'moose:website/src/pages/index.tsx':[
32,
],
}
